[H[2J[3J[0;34m
███╗   ██╗██╗██╗  ██╗██╗   ██╗
████╗  ██║██║██║ ██╔╝██║   ██║
██╔██╗ ██║██║█████╔╝ ██║   ██║
██║╚██╗██║██║██╔═██╗ ██║   ██║
██║ ╚████║██║██║  ██╗╚██████╔╝
╚═╝  ╚═══╝╚═╝╚═╝  ╚═╝ ╚═════╝
Dotfiles Installer
[0m
[0;34m• Installation log: /home/levi/niku/niku/install.log[0m
[0;34m• Config backups: /home/levi/.config.backup/2026-03-30[0m

[0;35m==> Checking repository updates[0m
[0;34m• Latest repository commit: b33d080[0m

[0;35m==> Niku Dotfiles Installer[0m

1) Full Install
2) Install Packages
3) Link Config Files
4) Copy Config Files
5) Exit

Enter choice: 
[0;35m==> Starting Full Installation[0m
[0;32m✔ Git is installed[0m
[0;32m✔ yay is installed[0m

[0;35m==> Preparing package installation[0m
[0;34m• Using AUR helper: yay[0m

[0;35m==> Packages to install[0m
 - kvantum
 - libinput-tools
 - mpc
 - python-lxml

[0;35m==> Installing packages[0m
Sync Explicit (4): libinput-tools-1.31.0-1, mpc-0.35-1, python-lxml-6.0.2-2, kvantum-1.1.6-1
resolving dependencies...
looking for conflicting packages...

Package (8)            New Version  Net Change  Download Size

extra/kwindowsystem    6.24.0-2       0.80 MiB       0.23 MiB
extra/python-libevdev  0.13.1-1       4.31 MiB       2.58 MiB
extra/python-pyudev    0.24.4-1       1.06 MiB       0.14 MiB
extra/python-yaml      6.0.3-2        0.96 MiB       0.19 MiB
extra/kvantum          1.1.6-1        8.30 MiB       1.11 MiB
extra/libinput-tools   1.31.0-1       0.57 MiB       0.14 MiB
extra/mpc              0.35-1         0.12 MiB       0.05 MiB
extra/python-lxml      6.0.2-2        5.76 MiB       1.52 MiB

Total Download Size:    5.96 MiB
Total Installed Size:  21.89 MiB

:: Proceed with installation? [Y/n] 
:: Retrieving packages...
 python-libevdev-0.13.1-1-any downloading...
 python-lxml-6.0.2-2-x86_64 downloading...

Interrupt signal received
[?25h

[0;33m⚠ Installation cancelled.[0m
[H[2J[3J[0;34m
███╗   ██╗██╗██╗  ██╗██╗   ██╗
████╗  ██║██║██║ ██╔╝██║   ██║
██╔██╗ ██║██║█████╔╝ ██║   ██║
██║╚██╗██║██║██╔═██╗ ██║   ██║
██║ ╚████║██║██║  ██╗╚██████╔╝
╚═╝  ╚═══╝╚═╝╚═╝  ╚═╝ ╚═════╝
Dotfiles Installer
[0m
[0;34m• Installation log: /home/levi/niku/niku/install.log[0m
[0;34m• Config backups: /home/levi/.config.backup/2026-03-30[0m

[0;35m==> Checking repository updates[0m
[0;34m• Latest repository commit: b33d080[0m

[0;35m==> Niku Dotfiles Installer[0m

1) Full Install
2) Install Packages
3) Link Config Files
4) Copy Config Files
5) Exit

Enter choice: 
[0;35m==> Linking config files[0m
[0;34m• Backing up btop[0m
[0;32m✔ Backup created: /home/levi/.config.backup/2026-03-30/btop[0m
[0;32m✔ Linked btop[0m
[0;34m• Backing up cava[0m
[0;32m✔ Backup created: /home/levi/.config.backup/2026-03-30/cava[0m
[0;32m✔ Linked cava[0m
[0;34m• Backing up fastfetch[0m
[0;32m✔ Backup created: /home/levi/.config.backup/2026-03-30/fastfetch[0m
[0;32m✔ Linked fastfetch[0m
[0;34m• Backing up fish[0m
[0;32m✔ Backup created: /home/levi/.config.backup/2026-03-30/fish[0m
[0;32m✔ Linked fish[0m
[0;34m• Backing up gtk-3.0[0m
[0;32m✔ Backup created: /home/levi/.config.backup/2026-03-30/gtk-3.0[0m
[0;32m✔ Linked gtk-3.0[0m
[0;34m• Backing up gtk-4.0[0m
[0;32m✔ Backup created: /home/levi/.config.backup/2026-03-30/gtk-4.0[0m
[0;32m✔ Linked gtk-4.0[0m
[0;34m• Backing up kitty[0m
[0;32m✔ Backup created: /home/levi/.config.backup/2026-03-30/kitty[0m
[0;32m✔ Linked kitty[0m
[0;34m• Backing up niku[0m
[0;32m✔ Backup created: /home/levi/.config.backup/2026-03-30/niku[0m
[0;32m✔ Linked niku[0m
[0;34m• Backing up niri[0m
[0;32m✔ Backup created: /home/levi/.config.backup/2026-03-30/niri[0m
[0;32m✔ Linked niri[0m
[0;34m• Backing up nvim[0m
[0;32m✔ Backup created: /home/levi/.config.backup/2026-03-30/nvim[0m
[0;32m✔ Linked nvim[0m
[0;34m• Backing up nwg-look[0m
[0;32m✔ Backup created: /home/levi/.config.backup/2026-03-30/nwg-look[0m
[0;32m✔ Linked nwg-look[0m
[0;34m• Backing up rofi[0m
[0;32m✔ Backup created: /home/levi/.config.backup/2026-03-30/rofi[0m
[0;32m✔ Linked rofi[0m
[0;34m• Backing up spicetify[0m
[0;32m✔ Backup created: /home/levi/.config.backup/2026-03-30/spicetify[0m
[0;32m✔ Linked spicetify[0m
[0;34m• Backing up swaylock[0m
[0;32m✔ Backup created: /home/levi/.config.backup/2026-03-30/swaylock[0m
[0;32m✔ Linked swaylock[0m
[0;34m• Backing up swaync[0m
[0;32m✔ Backup created: /home/levi/.config.backup/2026-03-30/swaync[0m
[0;32m✔ Linked swaync[0m
[0;34m• Backing up waybar[0m
[0;32m✔ Backup created: /home/levi/.config.backup/2026-03-30/waybar[0m
[0;32m✔ Linked waybar[0m
[0;34m• Backing up wlogout[0m
[0;32m✔ Backup created: /home/levi/.config.backup/2026-03-30/wlogout[0m
[0;32m✔ Linked wlogout[0m
[0;34m• Backing up yazi[0m
[0;32m✔ Backup created: /home/levi/.config.backup/2026-03-30/yazi[0m
[0;32m✔ Linked yazi[0m

[0;35m==> Installation Complete[0m
[0;32m✔ Niku installation finished.[0m
[0;34m• Config backups: /home/levi/.config.backup/2026-03-30[0m
[0;34m• Installation log: /home/levi/niku/niku/install.log[0m

[0;33m⚠ A reboot is recommended before starting Niri.[0m

[0;34m• Enjoy your new setup![0m

Return to menu? [Y/n]: [0;34m• Exiting installer[0m
